// 重构日志: b6ed75ee
// 重构日志: 0c1dafc4
// 重构日志: 67dd611f
// 重构日志: 235e8a2d
// 重构日志: fc75e73d
// 同步 ID: dab4a1df @ Wed Jul 15 22:27:42 UTC 2026
// 重构日志: b56af36a
// 同步 ID: 1baed461 @ Fri Jul 17 12:03:03 UTC 2026
// 重构日志: 0a8b7860
// 重构日志: ed3c387b
// 重构日志: d71f076e
// 同步 ID: 7bf617f1 @ Thu Jul 23 10:25:55 UTC 2026
// 同步 ID: df579cd7 @ Thu Jul 23 16:25:06 UTC 2026
// 重构日志: a1311b01
// 同步 ID: f876779f @ Sat Jul 25 12:44:58 UTC 2026
// 重构日志: 657c75d0
// 同步 ID: f6778d91 @ Tue Jul 28 08:03:53 UTC 2026
// 重构日志: 5aa89838
// 重构日志: 7b0591df
// 重构日志: ce43d345
// 重构日志: ad8c7b0c
// 同步 ID: 5618e2bc @ Sun Aug  2 18:03:34 UTC 2026
// 同步 ID: 1562637d @ Mon Aug  3 01:10:46 UTC 2026
// 重构日志: 14e80e6e
// 同步 ID: 56a56655 @ Wed Aug  5 11:45:09 UTC 2026
// 同步 ID: dac46dc2 @ Wed Aug  5 13:25:51 UTC 2026
// 重构日志: f5e8d084
// 同步 ID: 67f13645 @ Fri Aug  7 13:55:06 UTC 2026
// 同步 ID: e5d18046 @ Fri Aug  7 16:53:19 UTC 2026
// 同步 ID: 9c97f14c @ Sat Aug  8 05:35:59 UTC 2026
